
+ 2: 4294967295
|----+ 4: 8
|    |----+ 4: 5
|        |----+ 4: 6
|            |----+ 0: 4294967295
|            |----+ 1: 4294967295
|        |----+ 0: 4294967295
|    |----+ 4: 7
|        |----+ 4: 9
|            |----+ 0: 4294967295
|            |----+ 1: 4294967295
|        |----+ 0: 4294967295
