	.section	__TEXT,__text,regular,pure_instructions
	.macosx_version_min 10, 11
	.globl	_inter
	.p2align	4, 0x90
_inter:                                 ## @inter
	.cfi_startproc
## BB#0:
	pushq	%rbp
Ltmp0:
	.cfi_def_cfa_offset 16
Ltmp1:
	.cfi_offset %rbp, -16
	movq	%rsp, %rbp
Ltmp2:
	.cfi_def_cfa_register %rbp
	movq	$10, -16(%rbp)
	movq	$5, -8(%rbp)
	movq	$4, -32(%rbp)
	movq	$4, -16(%rbp)
	movq	-8(%rbp), %rax
	addq	$4, %rax
	movq	%rax, -24(%rbp)
	movq	$5, -16(%rbp)
	movq	-24(%rbp), %rax
	addq	-32(%rbp), %rax
	movq	-8(%rbp), %rcx
	leaq	5(%rcx,%rax), %rax
	popq	%rbp
	retq
	.cfi_endproc


.subsections_via_symbols
